import { Address, TransactionInstruction } from "@solana/web3.js";
import { fixCodecSize, getBooleanCodec, getBytesCodec, getNullableCodec, getStructCodec, getU64Codec, getU8Codec, transformCodec } from "@solana/codecs";

function getWeb3jsAddressCodec() {
  return transformCodec(
    fixCodecSize(getBytesCodec(), 32),
    (value: Address) => value.toBytes(),
    bytes => new Address(bytes),
  );
}

function matchDisc(data: Uint8Array, disc: Uint8Array): boolean {
  if (data.length < disc.length) return false;
  for (let i = 0; i < disc.length; i++) {
    if (data[i] !== disc[i]) return false;
  }
  return true;
}

const MAX_DECODE_ELEMENTS = 10 * 1024 * 1024;

function checkedLength(value: number | bigint): number {
  const result = Number(value);
  if (!Number.isSafeInteger(result) || result < 0) throw new Error("invalid length prefix");
  return result;
}

function checkedElementCount(value: number | bigint, remaining: number): number {
  const result = checkedLength(value);
  if (result > MAX_DECODE_ELEMENTS || result > remaining) {
    throw new Error("element count exceeds limit");
  }
  return result;
}

function checkedTake(data: Uint8Array, offset: number, size: number): Uint8Array {
  if (!Number.isSafeInteger(offset) || !Number.isSafeInteger(size) || offset < 0 || size < 0 || size > data.length - offset) {
    throw new Error("truncated input");
  }
  return data.slice(offset, offset + size);
}

function decodeUtf8(data: Uint8Array): string {
  return new TextDecoder("utf-8", { fatal: true }).decode(data);
}

function unwrapOption<T>(value: unknown): T | null {
  if (typeof value === "object" && value !== null && "__option" in value) {
    const option = value as { __option: string; value?: T };
    if (option.__option === "None") return null;
    if (option.__option === "Some") return option.value as T;
    throw new Error("invalid option tag");
  }
  return value as T | null;
}

function codecSize(
  codec: { encode(value: any): ArrayLike<number> },
  value: unknown,
): number {
  const fixedSize = (codec as { fixedSize?: unknown }).fixedSize;
  return typeof fixedSize === "number" ? fixedSize : codec.encode(value).length;
}

function bytesEqual(left: ArrayLike<number>, right: ArrayLike<number>): boolean {
  if (left.length !== right.length) return false;
  for (let index = 0; index < left.length; index++) {
    if (left[index] !== right[index]) return false;
  }
  return true;
}

function decodeExact<T>(
  codec: { decode(data: Uint8Array): unknown; encode(value: any): ArrayLike<number> },
  data: Uint8Array,
): T {
  const value = codec.decode(data);
  if (!bytesEqual(codec.encode(value), data)) throw new Error("invalid or trailing bytes");
  return value as T;
}

function assertFinished(data: Uint8Array, offset: number): void {
  if (offset !== data.length) throw new Error("trailing bytes");
}

/* Constants */
export const VAULT_DISCRIMINATOR = new Uint8Array([42]);
export const POOL_DISCRIMINATOR = new Uint8Array([43]);
export const VAULT_MADE_DISCRIMINATOR = new Uint8Array([7]);
export const MAKE_INSTRUCTION_DISCRIMINATOR = new Uint8Array([0]);
export const SYNC_INSTRUCTION_DISCRIMINATOR = new Uint8Array([1]);
export const SETTLE_INSTRUCTION_DISCRIMINATOR = new Uint8Array([2]);

/* Interfaces */
export interface Vault {
  authority: Address;
  amount: bigint;
  mode: number;
}

export interface Mode {
}

export interface Pool {
  seed: bigint;
  authority: Address;
}

export interface MakeInstructionArgs {
  amount: bigint;
  flag: boolean;
}

export interface SettleInstructionArgs {
  target: Address;
  amount: bigint;
  bonus: bigint | null;
}

export interface MakeInstructionInput {
  authority: Address;
  amount: bigint;
  flag: boolean;
}

export interface SyncInstructionInput {
  authority: Address;
  poolSeed: bigint;
}

export interface SettleInstructionInput {
  payer: Address;
  mint: Address;
  maybeRefund?: Address;
  target: Address;
  amount: bigint;
  bonus: bigint | null;
}

export interface MakeInstructionAccountOverrides {
  authority?: Address;
  vault?: Address;
}

export interface SyncInstructionAccountOverrides {
  authority?: Address;
  pool?: Address;
}

export interface SettleInstructionAccountOverrides {
  payer?: Address;
  mint?: Address;
  tokenProgram?: Address;
  recipient?: Address;
  payerTokens?: Address;
  maybeRefund?: Address;
}

/* Codecs */
const VaultStructCodec = getStructCodec([
  ["authority", getWeb3jsAddressCodec()],
  ["amount", getU64Codec()],
  ["mode", getU8Codec()],
]);
export const VaultCodec = {
  ...VaultStructCodec,
  decode(data: Parameters<typeof VaultStructCodec.decode>[0], offset = 0): Vault { return decodeExact<Vault>(VaultStructCodec, Uint8Array.from(data).slice(offset)); },
};

const ModeStructCodec = getStructCodec([
]);
export const ModeCodec = {
  ...ModeStructCodec,
  decode(data: Parameters<typeof ModeStructCodec.decode>[0], offset = 0): Mode { return decodeExact<Mode>(ModeStructCodec, Uint8Array.from(data).slice(offset)); },
};

const PoolStructCodec = getStructCodec([
  ["seed", getU64Codec()],
  ["authority", getWeb3jsAddressCodec()],
]);
export const PoolCodec = {
  ...PoolStructCodec,
  decode(data: Parameters<typeof PoolStructCodec.decode>[0], offset = 0): Pool { return decodeExact<Pool>(PoolStructCodec, Uint8Array.from(data).slice(offset)); },
};

/* Enums */
export const ProgramEvent = {
  VaultMade: "VaultMade",
} as const;

export type ProgramEvent =
  (typeof ProgramEvent)[keyof typeof ProgramEvent];

export type DecodedEvent =
  | { type: typeof ProgramEvent.VaultMade };

export const ProgramInstruction = {
  Make: "Make",
  Sync: "Sync",
  Settle: "Settle",
} as const;

export type ProgramInstruction =
  (typeof ProgramInstruction)[keyof typeof ProgramInstruction];

export type DecodedInstruction =
  | { type: typeof ProgramInstruction.Make; args: MakeInstructionArgs }
  | { type: typeof ProgramInstruction.Sync }
  | { type: typeof ProgramInstruction.Settle; args: SettleInstructionArgs };

/* Client */
export class GoldenDemoClient {
  static readonly programId = new Address("11111111111111111111111111111111");

  decodeVault(input: ArrayLike<number>): Vault {
    const data = Uint8Array.from(input);
    if (!matchDisc(data, VAULT_DISCRIMINATOR)) throw new Error("Invalid Vault discriminator");
    return decodeExact<Vault>(VaultCodec, data.slice(VAULT_DISCRIMINATOR.length));
  }

  decodePool(input: ArrayLike<number>): Pool {
    const data = Uint8Array.from(input);
    if (!matchDisc(data, POOL_DISCRIMINATOR)) throw new Error("Invalid Pool discriminator");
    return decodeExact<Pool>(PoolCodec, data.slice(POOL_DISCRIMINATOR.length));
  }

  decodeEvent(input: ArrayLike<number>): DecodedEvent | null {
    const data = Uint8Array.from(input);
    if (matchDisc(data, VAULT_MADE_DISCRIMINATOR)) {
      if (data.length !== VAULT_MADE_DISCRIMINATOR.length) throw new Error("trailing bytes");
      return { type: ProgramEvent.VaultMade };
    }
    return null;
  }

  decodeInstruction(input: ArrayLike<number>): DecodedInstruction | null {
    const data = Uint8Array.from(input);
    if (matchDisc(data, MAKE_INSTRUCTION_DISCRIMINATOR)) {
      const argsCodec = getStructCodec([
        ["amount", getU64Codec()],
        ["flag", getBooleanCodec()],
      ]);
      return { type: ProgramInstruction.Make, args: decodeExact<MakeInstructionArgs>(argsCodec, data.slice(MAKE_INSTRUCTION_DISCRIMINATOR.length)) };
    }
    if (matchDisc(data, SYNC_INSTRUCTION_DISCRIMINATOR)) {
      if (data.length !== SYNC_INSTRUCTION_DISCRIMINATOR.length) throw new Error("trailing bytes");
      return { type: ProgramInstruction.Sync };
    }
    if (matchDisc(data, SETTLE_INSTRUCTION_DISCRIMINATOR)) {
      const argsCodec = getStructCodec([
        ["target", getWeb3jsAddressCodec()],
        ["amount", getU64Codec()],
        ["bonus", getNullableCodec(getU64Codec())],
      ]);
      return { type: ProgramInstruction.Settle, args: decodeExact<SettleInstructionArgs>(argsCodec, data.slice(SETTLE_INSTRUCTION_DISCRIMINATOR.length)) };
    }
    return null;
  }

  async createMakeInstruction(input: MakeInstructionInput): Promise<TransactionInstruction> {
    return this.createMakeInstructionRaw(input, {});
  }

  async createMakeInstructionRaw(input: MakeInstructionInput, accountOverrides: MakeInstructionAccountOverrides): Promise<TransactionInstruction> {
    const __vault: Address = await findVaultAddress((accountOverrides.authority ?? input.authority));
    const argsCodec = getStructCodec([
      ["amount", getU64Codec()],
      ["flag", getBooleanCodec()],
    ]);
    const data = Uint8Array.from([0, ...argsCodec.encode({ amount: input.amount, flag: input.flag })]);
    return new TransactionInstruction({
      programId: GoldenDemoClient.programId,
      keys: [
        { pubkey: (accountOverrides.authority ?? input.authority), isSigner: true, isWritable: false },
        { pubkey: (accountOverrides.vault ?? __vault), isSigner: false, isWritable: true },
      ],
      data,
    });
  }

  async createSyncInstruction(input: SyncInstructionInput): Promise<TransactionInstruction> {
    return this.createSyncInstructionRaw(input, {});
  }

  async createSyncInstructionRaw(input: SyncInstructionInput, accountOverrides: SyncInstructionAccountOverrides): Promise<TransactionInstruction> {
    const __pool: Address = (await Address.findProgramAddress(
      [
        new Uint8Array([112, 111, 111, 108]),
        getU64Codec().encode(input.poolSeed),
      ],
      GoldenDemoClient.programId,
    ))[0];
    const data = Uint8Array.from([1]);
    return new TransactionInstruction({
      programId: GoldenDemoClient.programId,
      keys: [
        { pubkey: (accountOverrides.authority ?? input.authority), isSigner: true, isWritable: false },
        { pubkey: (accountOverrides.pool ?? __pool), isSigner: false, isWritable: true },
      ],
      data,
    });
  }

  async createSettleInstruction(input: SettleInstructionInput): Promise<TransactionInstruction> {
    return this.createSettleInstructionRaw(input, {});
  }

  async createSettleInstructionRaw(input: SettleInstructionInput, accountOverrides: SettleInstructionAccountOverrides): Promise<TransactionInstruction> {
    const __tokenProgram: Address = new Address("TokenkegQfeZyiNwAJbNbGKPFXCWuBvf9Ss623VQ5DA");
    const __recipient: Address = input.target;
    const __payerTokens: Address = (await Address.findProgramAddress(
      [(accountOverrides.payer ?? input.payer).toBytes(), (accountOverrides.tokenProgram ?? __tokenProgram).toBytes(), (accountOverrides.mint ?? input.mint).toBytes()],
      new Address("ATokenGPvbdGVxr1b2hvZbsiqW5xWH25efTNsLJA8knL"),
    ))[0];
    const argsCodec = getStructCodec([
      ["target", getWeb3jsAddressCodec()],
      ["amount", getU64Codec()],
      ["bonus", getNullableCodec(getU64Codec())],
    ]);
    const data = Uint8Array.from([2, ...argsCodec.encode({ target: input.target, amount: input.amount, bonus: input.bonus })]);
    return new TransactionInstruction({
      programId: GoldenDemoClient.programId,
      keys: [
        { pubkey: (accountOverrides.payer ?? input.payer), isSigner: true, isWritable: true },
        { pubkey: (accountOverrides.mint ?? input.mint), isSigner: false, isWritable: false },
        { pubkey: (accountOverrides.tokenProgram ?? __tokenProgram), isSigner: false, isWritable: false },
        { pubkey: (accountOverrides.recipient ?? __recipient), isSigner: false, isWritable: false },
        { pubkey: (accountOverrides.payerTokens ?? __payerTokens), isSigner: false, isWritable: true },
        { pubkey: (accountOverrides.maybeRefund ?? input.maybeRefund ?? GoldenDemoClient.programId), isSigner: false, isWritable: false },
      ],
      data,
    });
  }
}

/* PDA Helpers */
export async function findVaultAddress(authority: Address): Promise<Address> {
  return (await Address.findProgramAddress(
    [
        new Uint8Array([118, 97, 117, 108, 116]),
      authority.toBytes(),
    ],
    GoldenDemoClient.programId,
  ))[0];
}

/* Errors */
export const PROGRAM_ERROR_CODES = {
  Unauthorized: 6000,
} as const;

export const PROGRAM_ERRORS: Record<number, { name: string; msg?: string }> = {
  6000: { name: "Unauthorized", msg: "caller is not the vault authority" },
};

